// Copyright 2018 The Chromium Authors
// Use of this source code is governed by a BSD-style license that can be
// found in the LICENSE file.

package org.chromium.base.natives;

// This file is autogenerated by
//     base/android/jni_generator/jni_registration_generator.py
// Please do not change its content.

public class GEN_JNI {
    public static final boolean TESTING_ENABLED = false;
    public static final boolean REQUIRE_MOCK = false;


    public static void org_chromium_example_jni_1generator_SampleProxyEdgeCases_foo_1_1weirdly_1_1escaped_1name1() {
        J.N.MV9YSTxh();
    }

    public static String[][] org_chromium_example_jni_1generator_SampleProxyEdgeCases_crazyTypes(int[] a, Object[][] b) {
        return J.N.My6x4jXt(a, b);
    }

    public static void org_chromium_example_jni_1generator_SampleProxyEdgeCases_addStructB(Object caller, Object b) {
        J.N.MyOkSBQ0(caller, b);
    }

    public static void org_chromium_example_jni_1generator_SampleProxyEdgeCases_setStringBuilder(Object sb) {
        J.N.MD8PmkAP(sb);
    }

    public static void org_chromium_example_jni_1generator_SampleProxyEdgeCases_setBool(Object b, Object i) {
        J.N.MPgXV$mN(b, i);
    }
}
